P(downvote|parameters) ?

How is this model capturing the case where a answer comes later but get most votes after its posted?




obs:
For 200 iteration, with grad function takes
arjun@arjun-VPCEH25EN:~/Desktop/Cornell_courses/mengproject/ver2$ time python simulation.py

real	0m27.842s
user	0m27.800s
sys	0m0.064s

For 200 iteration, with auto gradient takes
arjun@arjun-VPCEH25EN:~/Desktop/Cornell_courses/mengproject/ver2$ time python simulation.py

real	5m38.300s
user	5m36.808s
sys	0m1.733s

Check Gradient

arjun@arjun-VPCEH25EN:~/Desktop/Cornell_courses/mengproject/ver2$ python check_grad.py 
Error:
In1:  1.62209859309e-05
In2:  9.43764318154e-05


voteHist0 = [[0, [0, 1, 2, 3]], [0, [0, 1, 2, 3]], [0, [0, 1, 2, 3]], [0, [0, 1, 2, 3]], [0, [0, 1, 2, 3]], [0, [0, 1, 2, 3]], [0, [0, 1, 2, 3]], [0, [0, 1, 2, 3]], [0, [0, 1, 2, 3]], [0, [0, 1, 2, 3]], [0, [0, 1, 2, 3]], [0, [0, 1, 2, 3]], [0, [0, 1, 2, 3]], [0, [0, 1, 2, 3]], [0, [0, 1, 2, 3, 4]], [0, [0, 1, 2, 3, 4]], [0, [0, 1, 2, 3, 4]], [0, [0, 1, 2, 3, 4]], [0, [0, 1, 2, 3, 4, 5]], [0, [0, 1, 2, 3, 4, 5]], [0, [0, 1, 2, 3, 4, 5]], [0, [0, 1, 2, 3, 4, 5]], [0, [0, 1, 2, 3, 4, 5]], [0, [0, 1, 2, 3, 4, 5]], [0, [0, 1, 2, 3, 4, 5]], [0, [0, 1, 2, 3, 4, 5]], [0, [0, 1, 2, 3, 4, 5]], [0, [0, 1, 2, 3, 4, 5]], [0, [0, 1, 2, 3, 4, 5]], [1, [0, 1, 2, 3]], [1, [0, 1, 2, 3]], [1, [0, 1, 2, 3]], [1, [0, 1, 2, 3]], [1, [0, 1, 2, 3, 4]], [1, [0, 1, 2, 3, 4, 5]], [2, [0, 1, 2, 3]], [2, [0, 1, 2, 3]], [2, [0, 1, 2, 3]], [2, [0, 1, 2, 3]], [2, [0, 1, 2, 3]], [2, [0, 1, 2, 3]], [2, [0, 1, 2, 3]], [2, [0, 1, 2, 3, 4]], [2, [0, 1, 2, 3, 4, 5]], [2, [0, 1, 2, 3, 4, 5]], [2, [0, 1, 2, 3, 4, 5]], [2, [0, 1, 2, 3, 4, 5]], [2, [0, 1, 2, 3, 4, 5]], [2, [0, 1, 2, 3, 4, 5]], [3, [0, 1, 2, 3]], [3, [0, 1, 2, 3]], [3, [0, 1, 2, 3]], [3, [0, 1, 2, 3]], [3, [0, 1, 2, 3]], [3, [0, 1, 2, 3]], [3, [0, 1, 2, 3]], [3, [0, 1, 2, 3]], [3, [0, 1, 2, 3]], [3, [0, 1, 2, 3]], [3, [0, 1, 2, 3, 4]], [3, [0, 1, 2, 3, 4]], [3, [0, 1, 2, 3, 4, 5]], [3, [0, 1, 2, 3, 4, 5]], [3, [0, 1, 2, 3, 4, 5]], [3, [0, 1, 2, 3, 4, 5]], [3, [0, 1, 2, 3, 4, 5]], [3, [0, 1, 2, 3, 4, 5]], [3, [0, 1, 2, 3, 4, 5]], [3, [0, 1, 2, 3, 4, 5]], [3, [0, 1, 2, 3, 4, 5]], [3, [0, 1, 2, 3, 4, 5]], [3, [0, 1, 2, 3, 4, 5]], [4, [0, 1, 2, 3, 4, 5]], [5, [0, 1, 2, 3, 4, 5]], [5, [0, 1, 2, 3, 4, 5]]]


arjun@arjun-VPCEH25EN:~/Desktop/Cornell_courses/mengproject/ver2$ python runModelSim.py 
[ 0.8755336  -0.48721896  0.18306973  0.64801148 -0.78567085 -0.43377995]
[ 0.61668031 -0.70446865 -0.05961711  0.39352113 -0.96195256  0.71582684]
[ 0.51305312 -0.792143   -0.15698368  0.29159398 -1.03474077  1.17921064]
[ 0.44383286 -0.85091806 -0.22208629  0.22349414 -1.0840099   1.48969485]

Adagrad
arjun@arjun-VPCEH25EN:~/Desktop/Cornell_courses/mengproject/ver2$ python runModelSim.py 
6
[-0.05853714  0.50240806 -0.05853714  0.54298238 -0.08178959 -0.24893489
 -0.22922746 -0.29296929 -0.03824994 -0.49782027 -0.20195465 -0.03356066
 -0.01308042  0.28883056 -0.04831529  0.05597455  0.32964996 -0.62687185
 -0.1931466   0.40871606  0.20910208  0.28562378]
numIteration:  45
[-0.05854005  0.50241918 -0.05854005  0.54296371 -0.08179435 -0.24893502
 -0.22922744 -0.29295743 -0.038254   -0.49779941 -0.2019549  -0.03356246
 -0.01308362  0.28880829 -0.04831728  0.05597203  0.32962809 -0.62693032
 -0.19325506  0.40868783  0.2091235   0.28553447]
7
[-0.10890212  0.18122854 -0.92886469  0.16808274  0.68845451]
numIteration:  41
[-0.10890204  0.18123078 -0.92886192  0.16808251  0.68845596]
8
[-0.612702    0.16319657  1.56179809 -0.75084985 -0.30730485  0.38567349
 -0.02124055 -0.26359082 -0.15497828]
numIteration:  72
[-0.61270421  0.16319477  1.56179605 -0.75085062 -0.30730294  0.38567208
 -0.02124531 -0.2635887  -0.15497695]

